Microchip MPLAB XC8 Compiler V1.12 ()

Linker command line:

--edf=/opt/microchip/xc8/v1.12/dat/en_msgs.txt -cs \
  -h+dist/LPC_USB_Development_Kit_PIC16F1459/production/MPLAB.X.production.sym \
  -z -Q16F1459 -ol.obj \
  -Mdist/LPC_USB_Development_Kit_PIC16F1459/production/MPLAB.X.production.map \
  -E1 -ver=XC8 -ACONST=00h-0FFhx32 -ACODE=00h-07FFhx4 -ASTRCODE=00h-01FFFh \
  -AENTRY=00h-0FFhx32 -ASTRING=00h-0FFhx32 -ACOMMON=070h-07Fh \
  -ABANK0=020h-06Fh -ABANK1=0A0h-0EFh -ABANK2=0120h-016Fh \
  -ABANK3=01A0h-01EFh -ABANK4=0220h-026Fh -ABANK5=02A0h-02EFh \
  -ABANK6=0320h-036Fh -ABANK7=03A0h-03EFh -ABANK8=0420h-046Fh \
  -ABANK9=04A0h-04EFh -ABANK10=0520h-056Fh -ABANK11=05A0h-05EFh \
  -ABANK12=0620h-064Fh -ABIGRAM=02000h-023EFh \
  -ARAM=020h-06Fh,0A0h-0EFh,0120h-016Fh,01A0h-01EFh,0220h-026Fh,02A0h-02EFh,0320h-036Fh,03A0h-03EFh,0420h-046Fh,04A0h-04EFh,0520h-056Fh,05A0h-05EFh,0620h-064Fh \
  -AABS1=020h-07Fh,0A0h-0EFh,0120h-016Fh,01A0h-01EFh,0220h-026Fh,02A0h-02EFh,0320h-036Fh,03A0h-03EFh,0420h-046Fh,04A0h-04EFh,0520h-056Fh,05A0h-05EFh,0620h-064Fh \
  -ASFR0=00h-01Fh -ASFR1=080h-09Fh -ASFR2=0100h-011Fh -ASFR3=0180h-019Fh \
  -ASFR4=0200h-021Fh -ASFR5=0280h-029Fh -ASFR6=0300h-031Fh \
  -ASFR7=0380h-039Fh -ASFR8=0400h-041Fh -ASFR9=0480h-049Fh \
  -ASFR10=0500h-051Fh -ASFR11=0580h-059Fh -ASFR12=0600h-061Fh \
  -ASFR13=0680h-06EFh -ASFR14=0700h-076Fh -ASFR15=0780h-07EFh \
  -ASFR16=0800h-086Fh -ASFR17=0880h-08EFh -ASFR18=0900h-096Fh \
  -ASFR19=0980h-09EFh -ASFR20=0A00h-0A6Fh -ASFR21=0A80h-0AEFh \
  -ASFR22=0B00h-0B6Fh -ASFR23=0B80h-0BEFh -ASFR24=0C00h-0C6Fh \
  -ASFR25=0C80h-0CEFh -ASFR26=0D00h-0D6Fh -ASFR27=0D80h-0DEFh \
  -ASFR28=0E00h-0E6Fh -ASFR29=0E80h-0EEFh -ASFR30=0F00h-0F6Fh \
  -ASFR31=0F80h-0FEFh -preset_vec=00h,intentry=04h,init,end_init \
  -ppowerup=CODE -pfunctab=CODE -ACONFIG=08007h-08008h -pconfig=CONFIG \
  -DCONFIG=2 -AIDLOC=08000h-08003h -pidloc=IDLOC -DIDLOC=2 -DCODE=2 \
  -DSTRCODE=2 -DSTRING=2 -DCONST=2 -DENTRY=2 -k /tmp/cgtH0lo2a.obj \
  dist/LPC_USB_Development_Kit_PIC16F1459/production/MPLAB.X.production.obj 

Object code version is 3.10

Machine type is 16F1459



                Name                               Link     Load   Length Selector   Space Scale
/tmp/cgtH0lo2a.obj
                end_init                             11       11        2        8       0
                reset_vec                             0        0        2        0       0
                config                             8007     8007        2    1000E       0
dist/LPC_USB_Development_Kit_PIC16F1459/production/MPLAB.X.production.obj
                intentry                              4        4        D        8       0
                text1410                            A09      A09       59     1412       0
                text1409                            5A0      5A0       BB      9B6       0
                text1408                            7BB      7BB       43      9B6       0
                text1407                            82C      82C       29     1058       0
                text1406                            8E6      8E6       3B     11CC       0
                text1405                           1717     1717        4     2E2E       0
                text1404                            3FF      3FF        1        8       0
                text1403                            BF4      BF4       70     17E8       0
                text1402                            800      800        4     1000       0
                text1401                            3FE      3FE        1        8       0
                text1400                            855      855       2A     10AA       0
                text1399                            7FF      7FF        1      9B6       0
                text1398                            7FE      7FE        1      9B6       0
                text1397                            921      921       4A     1242       0
                text1396                             13       13      13E        8       0
                text1395                            ABC      ABC       63     1578       0
                text1394                            D48      D48       7A     1A90       0
                text1393                           1798     1798       22     2F30       0
                text1392                            EDA      EDA       93     1DB4       0
                swtext1                            1000     1000       1A     2000       0
                text1391                            B88      B88       6C     1710       0
                text1390                            DC2      DC2       8C     1B84       0
                text1389                            CD5      CD5       73     19AA       0
                text1388                            B1F      B1F       69     163E       0
                text1387                            65B      65B       B2      9B6       0
                text1386                            87F      87F       30     10FE       0
                text1385                            9B5      9B5       54     136A       0
                text1384                            E4E      E4E       8C     1C9C       0
                text1383                            96B      96B       4A     12D6       0
                text1382                            376      376       82        8       0
                text1381                            804      804       28     1008       0
                text1380                           177E     177E       1A     2EFC       0
                text1379                           174E     174E       17     2E9C       0
                text1378                            151      151      12E        8       0
                text1376                            70D      70D       AE      9B6       0
                text1375                           1727     1727       12     2E4E       0
                text1374                            A62      A62       5A     14C4       0
                text1373                            27F      27F       F7        8       0
                text1372                            8AF      8AF       37     115E       0
                text1371                           1765     1765       19     2ECA       0
                text1370                            C64      C64       71     18C8       0
                text1369                            F6D      F6D       93     1EDA       0
                text1368                            4DB      4DB       C5      9B6       0
                text1367                           171B     171B        C     2E36       0
                text1366                           17BA     17BA       23     2F74       0
                maintext                           1739     1739       15     2E72       0
                cstackBANK0                          60       60       10       60       1
                cstackCOMMON                         70       70        E       70       1
                cstackBANK1                          D6       D6       12       A0       1
                cstackBANK2                         143      143        A      131       1
                clrtext                             3F8      3F8        6        8       0
                bssBANK6                            320      320       40      320       1
                bssBANK3                            1A0      1A0       40      1A0       1
                bssBANK2                            131      131       12      131       1
                bssBANK1                             A0       A0       36       A0       1
                cinit                              17DD     17DD       23     2FBA       0
                nvBANK2                             14D      14D        1      131       1
                strings                             400      400       DB      800       0

TOTAL           Name                               Link     Load   Length     Space
        CLASS   CONST          
                swtext1                            1000     1000       1A         0

        CLASS   CODE           
                end_init                             11       11        2         0
                intentry                              4        4        D         0
                reset_vec                             0        0        2         0
                text1410                            A09      A09       59         0
                text1409                            5A0      5A0       BB         0
                text1408                            7BB      7BB       43         0
                text1407                            82C      82C       29         0
                text1406                            8E6      8E6       3B         0
                text1405                           1717     1717        4         0
                text1404                            3FF      3FF        1         0
                text1403                            BF4      BF4       70         0
                text1402                            800      800        4         0
                text1401                            3FE      3FE        1         0
                text1400                            855      855       2A         0
                text1399                            7FF      7FF        1         0
                text1398                            7FE      7FE        1         0
                text1397                            921      921       4A         0
                text1396                             13       13      13E         0
                text1395                            ABC      ABC       63         0
                text1394                            D48      D48       7A         0
                text1393                           1798     1798       22         0
                text1392                            EDA      EDA       93         0
                text1391                            B88      B88       6C         0
                text1390                            DC2      DC2       8C         0
                text1389                            CD5      CD5       73         0
                text1388                            B1F      B1F       69         0
                text1387                            65B      65B       B2         0
                text1386                            87F      87F       30         0
                text1385                            9B5      9B5       54         0
                text1384                            E4E      E4E       8C         0
                text1383                            96B      96B       4A         0
                text1382                            376      376       82         0
                text1381                            804      804       28         0
                text1380                           177E     177E       1A         0
                text1379                           174E     174E       17         0
                text1378                            151      151      12E         0
                text1376                            70D      70D       AE         0
                text1375                           1727     1727       12         0
                text1374                            A62      A62       5A         0
                text1373                            27F      27F       F7         0
                text1372                            8AF      8AF       37         0
                text1371                           1765     1765       19         0
                text1370                            C64      C64       71         0
                text1369                            F6D      F6D       93         0
                text1368                            4DB      4DB       C5         0
                text1367                           171B     171B        C         0
                text1366                           17BA     17BA       23         0
                maintext                           1739     1739       15         0
                clrtext                             3F8      3F8        6         0
                cinit                              17DD     17DD       23         0

        CLASS   STRCODE        

        CLASS   ENTRY          

        CLASS   STRING         
                strings                             400      400       DB         0

        CLASS   COMMON         
                cstackCOMMON                         70       70        E         1

        CLASS   BANK0          
                cstackBANK0                          60       60       10         1

        CLASS   BANK1          
                cstackBANK1                          D6       D6       12         1
                bssBANK1                             A0       A0       36         1

        CLASS   BANK2          
                cstackBANK2                         143      143        A         1
                bssBANK2                            131      131       12         1
                nvBANK2                             14D      14D        1         1

        CLASS   BANK3          
                bssBANK3                            1A0      1A0       40         1

        CLASS   BANK4          

        CLASS   BANK5          

        CLASS   BANK6          
                bssBANK6                            320      320       40         1

        CLASS   BANK7          

        CLASS   BANK8          

        CLASS   BANK9          

        CLASS   BANK10         

        CLASS   BANK11         

        CLASS   BANK12         

        CLASS   BIGRAM         

        CLASS   RAM            

        CLASS   ABS1           
                abs_s1                               20       20       40         1
                abs_s1                               7E       7E        2         1
                abs_s1                              120      120       11         1
                abs_s1                              220      220       40         1
                abs_s1                              2A0      2A0       40         1

        CLASS   SFR0           

        CLASS   SFR1           

        CLASS   SFR2           

        CLASS   SFR3           

        CLASS   SFR4           

        CLASS   SFR5           

        CLASS   SFR6           

        CLASS   SFR7           

        CLASS   SFR8           

        CLASS   SFR9           

        CLASS   SFR10          

        CLASS   SFR11          

        CLASS   SFR12          

        CLASS   SFR13          

        CLASS   SFR14          

        CLASS   SFR15          

        CLASS   SFR16          

        CLASS   SFR17          

        CLASS   SFR18          

        CLASS   SFR19          

        CLASS   SFR20          

        CLASS   SFR21          

        CLASS   SFR22          

        CLASS   SFR23          

        CLASS   SFR24          

        CLASS   SFR25          

        CLASS   SFR26          

        CLASS   SFR27          

        CLASS   SFR28          

        CLASS   SFR29          

        CLASS   SFR30          

        CLASS   SFR31          

        CLASS   CONFIG         
                config                             8007     8007        2         0

        CLASS   IDLOC          

        CLASS   BANK31         

        CLASS   BANK30         

        CLASS   BANK29         

        CLASS   BANK28         

        CLASS   BANK27         

        CLASS   BANK26         

        CLASS   BANK25         

        CLASS   BANK24         

        CLASS   BANK23         

        CLASS   BANK22         

        CLASS   BANK21         

        CLASS   BANK20         

        CLASS   BANK19         

        CLASS   BANK18         

        CLASS   BANK17         

        CLASS   BANK16         

        CLASS   BANK15         

        CLASS   BANK14         

        CLASS   BANK13         

        CLASS   EEDATA         



SEGMENTS        Name                           Load    Length   Top    Selector   Space  Class     Delta

                reset_vec                      000000  000002  000002         0       0  CODE        2
                intentry                       000004  0003FC  000400         8       0  CODE        2
                cstackBANK0                    000060  000010  000070        60       1  BANK0       1
                cstackCOMMON                   000070  00000E  00007E        70       1  COMMON      1
                bssBANK1                       0000A0  000048  0000E8        A0       1  BANK1       1
                bssBANK2                       000131  00001D  00014E       131       1  BANK2       1
                bssBANK3                       0001A0  000040  0001E0       1A0       1  BANK3       1
                bssBANK6                       000320  000040  000360       320       1  BANK6       1
                strings                        000400  0000DB  0004DB       800       0  STRING      2
                text1368                       0004DB  000325  000800       9B6       0  CODE        2
                text1402                       000800  000004  000804      1000       0  CODE        2
                text1381                       000804  000028  00082C      1008       0  CODE        2
                text1407                       00082C  000029  000855      1058       0  CODE        2
                text1400                       000855  00002A  00087F      10AA       0  CODE        2
                text1386                       00087F  000030  0008AF      10FE       0  CODE        2
                text1372                       0008AF  000037  0008E6      115E       0  CODE        2
                text1406                       0008E6  00003B  000921      11CC       0  CODE        2
                text1397                       000921  00004A  00096B      1242       0  CODE        2
                text1383                       00096B  00004A  0009B5      12D6       0  CODE        2
                text1385                       0009B5  000054  000A09      136A       0  CODE        2
                text1410                       000A09  000059  000A62      1412       0  CODE        2
                text1374                       000A62  00005A  000ABC      14C4       0  CODE        2
                text1395                       000ABC  000063  000B1F      1578       0  CODE        2
                text1388                       000B1F  000069  000B88      163E       0  CODE        2
                text1391                       000B88  00006C  000BF4      1710       0  CODE        2
                text1403                       000BF4  000070  000C64      17E8       0  CODE        2
                text1370                       000C64  000071  000CD5      18C8       0  CODE        2
                text1389                       000CD5  000073  000D48      19AA       0  CODE        2
                text1394                       000D48  00007A  000DC2      1A90       0  CODE        2
                text1390                       000DC2  00008C  000E4E      1B84       0  CODE        2
                text1384                       000E4E  00008C  000EDA      1C9C       0  CODE        2
                text1392                       000EDA  000093  000F6D      1DB4       0  CODE        2
                text1369                       000F6D  000093  001000      1EDA       0  CODE        2
                swtext1                        001000  00001A  00101A      2000       0  CONST       2
                text1405                       001717  000004  00171B      2E2E       0  CODE        2
                text1367                       00171B  00000C  001727      2E36       0  CODE        2
                text1375                       001727  000012  001739      2E4E       0  CODE        2
                maintext                       001739  000015  00174E      2E72       0  CODE        2
                text1379                       00174E  000017  001765      2E9C       0  CODE        2
                text1371                       001765  000019  00177E      2ECA       0  CODE        2
                text1380                       00177E  00001A  001798      2EFC       0  CODE        2
                text1393                       001798  000022  0017BA      2F30       0  CODE        2
                text1366                       0017BA  000023  0017DD      2F74       0  CODE        2
                cinit                          0017DD  000023  001800      2FBA       0  CODE        2
                config                         008007  000002  008009     1000E       0  CONFIG      2


UNUSED ADDRESS RANGES

        Name                Unused          Largest block    Delta
        BANK1            000E8-000EF               8           1
        BANK10           00520-0056F              50           1
        BANK11           005A0-005EF              50           1
        BANK12           00620-0064F              30           1
        BANK2            0014E-0016F              22           1
        BANK3            001E0-001EF              10           1
        BANK4            00260-0026F              10           1
        BANK5            002E0-002EF              10           1
        BANK6            00360-0036F              10           1
        BANK7            003A0-003EF              50           1
        BANK8            00420-0046F              50           1
        BANK9            004A0-004EF              50           1
        BIGRAM           02000-023EF             3F0           1
        CODE             00002-00003               2           2
                         0101A-01716             6FD
                         01800-01FFF             800
        CONST            00002-00003               2           2
                         0101A-01716             100
                         01800-01FFF             100
        ENTRY            00002-00003               2           2
                         0101A-01716             100
                         01800-01FFF             100
        IDLOC            08000-08003               4           2
        RAM              000E8-000EF               8           1
                         0014E-0016F              22
                         001E0-001EF              10
                         00260-0026F              10
                         002E0-002EF              10
                         00360-0036F              10
                         003A0-003EF              50
                         00420-0046F              50
                         004A0-004EF              50
                         00520-0056F              50
                         005A0-005EF              50
                         00620-0064F              30
        SFR0             00000-0001F              20           1
        SFR1             00080-0009F              20           1
        SFR10            00500-0051F              20           1
        SFR11            00580-0059F              20           1
        SFR12            00600-0061F              20           1
        SFR13            00680-006EF              70           1
        SFR14            00700-0076F              70           1
        SFR15            00780-007EF              70           1
        SFR16            00800-0086F              70           1
        SFR17            00880-008EF              70           1
        SFR18            00900-0096F              70           1
        SFR19            00980-009EF              70           1
        SFR2             00100-0011F              20           1
        SFR20            00A00-00A6F              70           1
        SFR21            00A80-00AEF              70           1
        SFR22            00B00-00B6F              70           1
        SFR23            00B80-00BEF              70           1
        SFR24            00C00-00C6F              70           1
        SFR25            00C80-00CEF              70           1
        SFR26            00D00-00D6F              70           1
        SFR27            00D80-00DEF              70           1
        SFR28            00E00-00E6F              70           1
        SFR29            00E80-00EEF              70           1
        SFR3             00180-0019F              20           1
        SFR30            00F00-00F6F              70           1
        SFR31            00F80-00FEF              70           1
        SFR4             00200-0021F              20           1
        SFR5             00280-0029F              20           1
        SFR6             00300-0031F              20           1
        SFR7             00380-0039F              20           1
        SFR8             00400-0041F              20           1
        SFR9             00480-0049F              20           1
        STRCODE          00002-00003               2           2
                         0101A-01716             6FD
                         01800-01FFF             800
        STRING           00002-00003               2           2
                         0101A-01716             100
                         01800-01FFF             100

                                  Symbol Table

?_USBConfigureEndpoint                    cstackCOMMON 00070
?_USBEnableEndpoint                       cstackCOMMON 00077
?_USBTransferOnePacket                    cstackBANK1  000DE
?_USER_USB_CALLBACK_EVENT_HANDLER         cstackBANK0  00063
?_getsUSBUSART                            cstackBANK1  000E5
?_memset                                  cstackCOMMON 00070
?_putUSBUSART                             cstackBANK1  000DE
?i1_USBTransferOnePacket                  cstackCOMMON 00070
BlinkUSBStatus@led_count                  bssBANK1     000B2
CDCTxService@byte_to_send                 cstackBANK2  00146
CDCTxService@i                            cstackBANK2  00145
ProcessIO@i                               cstackBANK2  0014C
ProcessIO@numBytesRead                    cstackBANK2  0014B
USBCBSendResume@delay_count               bssBANK2     00135
USBConfigureEndpoint@EPNum                cstackCOMMON 00075
USBConfigureEndpoint@direction            cstackCOMMON 00070
USBConfigureEndpoint@handle               cstackCOMMON 00076
USBCtrlEPService@setup_cnt                cstackBANK1  000D9
USBCtrlTrfInHandler@lastDTS               cstackCOMMON 00077
USBCtrlTrfRxService@byteToRead            cstackCOMMON 00077
USBCtrlTrfRxService@i                     cstackCOMMON 00076
USBCtrlTrfTxService@byteToSend            cstackCOMMON 00074
USBDeviceInit@i                           cstackBANK1  000E3
USBDeviceInit@i_750                       cstackBANK1  000E2
USBDeviceInit@p                           cstackBANK1  000E0
USBDeviceTasks@i                          cstackBANK1  000DC
USBEnableEndpoint@ep                      cstackCOMMON 0007C
USBEnableEndpoint@options                 cstackCOMMON 00077
USBEnableEndpoint@p                       cstackCOMMON 0007A
USBStdFeatureReqHandler@current_ep_data   cstackBANK0  0006C
USBStdFeatureReqHandler@p                 cstackBANK0  0006D
USBStdFeatureReqHandler@pUEP              cstackBANK0  0006A
USBStdGetStatusHandler@p                  cstackCOMMON 00071
USBStdSetCfgHandler@i                     cstackBANK0  0006B
USBStdSetCfgHandler@i_1132                cstackBANK0  0006A
USBStdSetCfgHandler@p                     cstackBANK0  00068
USBTransferOnePacket@data                 cstackBANK1  000DF
USBTransferOnePacket@dir                  cstackBANK1  000DE
USBTransferOnePacket@ep                   cstackBANK1  000E3
USBTransferOnePacket@handle               cstackBANK1  000E4
USBTransferOnePacket@len                  cstackBANK1  000E0
USER_USB_CALLBACK_EVENT_HANDLER@event     cstackBANK0  00063
_ANSELA                                   (abs)        0018C
_ANSELB                                   (abs)        0018D
_ANSELC                                   (abs)        0018E
_BDT                                      (abs)        00020
_BlinkUSBStatus                           text1376     0070D
_BothEP0OutUOWNsSet                       bssBANK1     000B4
_CDCDataInHandle                          bssBANK1     000B5
_CDCDataOutHandle                         bssBANK1     000B6
_CDCInitEP                                text1406     008E6
_CDCTxService                             text1373     0027F
_CDCTxService$2241                        cstackBANK2  00143
_CtrlTrfData                              (abs)        00058
_INTCONbits                               (abs)        0000B
_ISRCode                                  intentry     00004
_InitializeSystem                         text1367     0171B
_LATC                                     (abs)        0010E
_LATCbits                                 (abs)        0010E
_PIE2bits                                 (abs)        00092
_PIR2bits                                 (abs)        00012
_PORTAbits                                (abs)        0000C
_ProcessIO                                text1369     00F6D
_RemoteWakeup                             bssBANK1     000B7
_SetupPkt                                 (abs)        00050
_TRISC                                    (abs)        0008E
_UADDR                                    (abs)        00E96
_UCFG                                     (abs)        00E91
_UCON                                     (abs)        00E8E
_UCONbits                                 (abs)        00E8E
_UEIE                                     (abs)        00E97
_UEIR                                     (abs)        00E93
_UEP0                                     (abs)        00E98
_UEP0bits                                 (abs)        00E98
_UEP1                                     (abs)        00E99
_UIE                                      (abs)        00E92
_UIEbits                                  (abs)        00E92
_UIR                                      (abs)        00E90
_UIRbits                                  (abs)        00E90
_USBActiveConfiguration                   bssBANK1     000D4
_USBAlternateInterface                    bssBANK1     000D2
_USBBusIsSuspended                        bssBANK1     000B8
_USBCBCheckOtherReq                       text1402     00800
_USBCBErrorHandler                        text1401     003FE
_USBCBInitEP                              text1405     01717
_USBCBStdSetDscHandler                    text1404     003FF
_USBCBSuspend                             text1398     007FE
_USBCBWakeFromSuspend                     text1399     007FF
_USBCB_SOF_Handler                        text1400     00855
_USBCheckCDCRequest                       text1403     00BF4
_USBCheckStdRequest                       text1391     00B88
_USBConfigureEndpoint                     text1408     007BB
_USBCtrlEPAllowDataStage                  text1385     009B5
_USBCtrlEPAllowStatusStage                text1388     00B1F
_USBCtrlEPService                         text1382     00376
_USBCtrlEPServiceComplete                 text1384     00E4E
_USBCtrlTrfInHandler                      text1389     00CD5
_USBCtrlTrfOutHandler                     text1386     0087F
_USBCtrlTrfRxService                      text1387     0065B
_USBCtrlTrfSetupHandler                   text1383     0096B
_USBCtrlTrfTxService                      text1390     00DC2
_USBDeferINDataStagePackets               bssBANK1     000B9
_USBDeferOUTDataStagePackets              bssBANK1     000BA
_USBDeferStatusStagePacket                bssBANK1     000BB
_USBDeviceAttach                          text1366     017BA
_USBDeviceInit                            text1368     004DB
_USBDeviceState                           bssBANK1     000BC
_USBDeviceTasks                           text1378     00151
_USBEnableEndpoint                        text1407     0082C
_USBStallHandler                          text1381     00804
_USBStatusStageEnabledFlag1               bssBANK1     000BD
_USBStatusStageEnabledFlag2               bssBANK1     000BE
_USBStatusStageTimeoutCounter             bssBANK1     000BF
_USBStdFeatureReqHandler                  text1396     00013
_USBStdGetDscHandler                      text1394     00D48
_USBStdGetStatusHandler                   text1395     00ABC
_USBStdSetCfgHandler                      text1392     00EDA
_USBSuspend                               text1380     0177E
_USBTransferOnePacket                     text1374     00A62
_USBWakeFromSuspend                       text1379     0174E
_USB_CD_Ptr                               strings      00404
_USB_In_Buffer                            bssBANK6     00320
_USB_Out_Buffer                           bssBANK3     001A0
_USB_SD_Ptr                               strings      00401
_USER_USB_CALLBACK_EVENT_HANDLER          text1397     00921
_USTAT                                    (abs)        00E8F
_USTATcopy                                bssBANK1     000D5
_UserInit                                 text1375     01727
__CFG_CPUDIV$NOCLKDIV                     (abs)        00000
__CFG_FCMEN$OFF                           (abs)        00000
__CFG_FOSC$HS                             (abs)        00000
__CFG_IESO$OFF                            (abs)        00000
__CFG_LVP$OFF                             (abs)        00000
__CFG_MCLRE$OFF                           (abs)        00000
__CFG_PLLMULT$4x                          (abs)        00000
__CFG_PWRTE$ON                            (abs)        00000
__CFG_WDTE$OFF                            (abs)        00000
__Habs1                                   abs1         00000
__Hbank0                                  bank0        00000
__Hbank1                                  bank1        00000
__Hbank10                                 bank10       00000
__Hbank11                                 bank11       00000
__Hbank12                                 bank12       00000
__Hbank13                                 bank13       00000
__Hbank14                                 bank14       00000
__Hbank15                                 bank15       00000
__Hbank16                                 bank16       00000
__Hbank17                                 bank17       00000
__Hbank18                                 bank18       00000
__Hbank19                                 bank19       00000
__Hbank2                                  bank2        00000
__Hbank20                                 bank20       00000
__Hbank21                                 bank21       00000
__Hbank22                                 bank22       00000
__Hbank23                                 bank23       00000
__Hbank24                                 bank24       00000
__Hbank25                                 bank25       00000
__Hbank26                                 bank26       00000
__Hbank27                                 bank27       00000
__Hbank28                                 bank28       00000
__Hbank29                                 bank29       00000
__Hbank3                                  bank3        00000
__Hbank30                                 bank30       00000
__Hbank31                                 bank31       00000
__Hbank4                                  bank4        00000
__Hbank5                                  bank5        00000
__Hbank6                                  bank6        00000
__Hbank7                                  bank7        00000
__Hbank8                                  bank8        00000
__Hbank9                                  bank9        00000
__Hbigram                                 bigram       00000
__HbssBANK1                               bssBANK1     00000
__HbssBANK2                               bssBANK2     00000
__HbssBANK3                               bssBANK3     00000
__HbssBANK6                               bssBANK6     00000
__Hcinit                                  cinit        00000
__Hclrtext                                clrtext      00000
__Hcode                                   code         00000
__Hcommon                                 common       00000
__Hconfig                                 config       08009
__HcstackBANK0                            cstackBANK0  00000
__HcstackBANK1                            cstackBANK1  00000
__HcstackBANK2                            cstackBANK2  00000
__HcstackCOMMON                           cstackCOMMON 00000
__Heeprom_data                            eeprom_data  00000
__Hend_init                               end_init     00013
__Hfunctab                                functab      00000
__Hidloc                                  idloc        00000
__Hinit                                   init         00011
__Hintentry                               intentry     00011
__Hmaintext                               maintext     00000
__HnvBANK2                                nvBANK2      00000
__Hpowerup                                powerup      00000
__Hram                                    ram          00000
__Hreset_vec                              reset_vec    00002
__Hsfr0                                   sfr0         00000
__Hsfr1                                   sfr1         00000
__Hsfr10                                  sfr10        00000
__Hsfr11                                  sfr11        00000
__Hsfr12                                  sfr12        00000
__Hsfr13                                  sfr13        00000
__Hsfr14                                  sfr14        00000
__Hsfr15                                  sfr15        00000
__Hsfr16                                  sfr16        00000
__Hsfr17                                  sfr17        00000
__Hsfr18                                  sfr18        00000
__Hsfr19                                  sfr19        00000
__Hsfr2                                   sfr2         00000
__Hsfr20                                  sfr20        00000
__Hsfr21                                  sfr21        00000
__Hsfr22                                  sfr22        00000
__Hsfr23                                  sfr23        00000
__Hsfr24                                  sfr24        00000
__Hsfr25                                  sfr25        00000
__Hsfr26                                  sfr26        00000
__Hsfr27                                  sfr27        00000
__Hsfr28                                  sfr28        00000
__Hsfr29                                  sfr29        00000
__Hsfr3                                   sfr3         00000
__Hsfr30                                  sfr30        00000
__Hsfr31                                  sfr31        00000
__Hsfr4                                   sfr4         00000
__Hsfr5                                   sfr5         00000
__Hsfr6                                   sfr6         00000
__Hsfr7                                   sfr7         00000
__Hsfr8                                   sfr8         00000
__Hsfr9                                   sfr9         00000
__Hstrings                                strings      00000
__Htext                                   text         00000
__Labs1                                   abs1         00000
__Lbank0                                  bank0        00000
__Lbank1                                  bank1        00000
__Lbank10                                 bank10       00000
__Lbank11                                 bank11       00000
__Lbank12                                 bank12       00000
__Lbank13                                 bank13       00000
__Lbank14                                 bank14       00000
__Lbank15                                 bank15       00000
__Lbank16                                 bank16       00000
__Lbank17                                 bank17       00000
__Lbank18                                 bank18       00000
__Lbank19                                 bank19       00000
__Lbank2                                  bank2        00000
__Lbank20                                 bank20       00000
__Lbank21                                 bank21       00000
__Lbank22                                 bank22       00000
__Lbank23                                 bank23       00000
__Lbank24                                 bank24       00000
__Lbank25                                 bank25       00000
__Lbank26                                 bank26       00000
__Lbank27                                 bank27       00000
__Lbank28                                 bank28       00000
__Lbank29                                 bank29       00000
__Lbank3                                  bank3        00000
__Lbank30                                 bank30       00000
__Lbank31                                 bank31       00000
__Lbank4                                  bank4        00000
__Lbank5                                  bank5        00000
__Lbank6                                  bank6        00000
__Lbank7                                  bank7        00000
__Lbank8                                  bank8        00000
__Lbank9                                  bank9        00000
__Lbigram                                 bigram       00000
__LbssBANK1                               bssBANK1     00000
__LbssBANK2                               bssBANK2     00000
__LbssBANK3                               bssBANK3     00000
__LbssBANK6                               bssBANK6     00000
__Lcinit                                  cinit        00000
__Lclrtext                                clrtext      00000
__Lcode                                   code         00000
__Lcommon                                 common       00000
__Lconfig                                 config       08007
__LcstackBANK0                            cstackBANK0  00000
__LcstackBANK1                            cstackBANK1  00000
__LcstackBANK2                            cstackBANK2  00000
__LcstackCOMMON                           cstackCOMMON 00000
__Leeprom_data                            eeprom_data  00000
__Lend_init                               end_init     00011
__Lfunctab                                functab      00000
__Lidloc                                  idloc        00000
__Linit                                   init         00011
__Lintentry                               intentry     00004
__Lmaintext                               maintext     00000
__LnvBANK2                                nvBANK2      00000
__Lpowerup                                powerup      00000
__Lram                                    ram          00000
__Lreset_vec                              reset_vec    00000
__Lsfr0                                   sfr0         00000
__Lsfr1                                   sfr1         00000
__Lsfr10                                  sfr10        00000
__Lsfr11                                  sfr11        00000
__Lsfr12                                  sfr12        00000
__Lsfr13                                  sfr13        00000
__Lsfr14                                  sfr14        00000
__Lsfr15                                  sfr15        00000
__Lsfr16                                  sfr16        00000
__Lsfr17                                  sfr17        00000
__Lsfr18                                  sfr18        00000
__Lsfr19                                  sfr19        00000
__Lsfr2                                   sfr2         00000
__Lsfr20                                  sfr20        00000
__Lsfr21                                  sfr21        00000
__Lsfr22                                  sfr22        00000
__Lsfr23                                  sfr23        00000
__Lsfr24                                  sfr24        00000
__Lsfr25                                  sfr25        00000
__Lsfr26                                  sfr26        00000
__Lsfr27                                  sfr27        00000
__Lsfr28                                  sfr28        00000
__Lsfr29                                  sfr29        00000
__Lsfr3                                   sfr3         00000
__Lsfr30                                  sfr30        00000
__Lsfr31                                  sfr31        00000
__Lsfr4                                   sfr4         00000
__Lsfr5                                   sfr5         00000
__Lsfr6                                   sfr6         00000
__Lsfr7                                   sfr7         00000
__Lsfr8                                   sfr8         00000
__Lsfr9                                   sfr9         00000
__Lstrings                                strings      00000
__Ltext                                   text         00000
__S0                                      (abs)        08009
__S1                                      (abs)        00360
__end_of_BlinkUSBStatus                   text1376     007BB
__end_of_CDCInitEP                        text1406     00921
__end_of_CDCTxService                     text1373     00376
__end_of_ISRCode                          intentry     00011
__end_of_InitializeSystem                 text1367     01727
__end_of_ProcessIO                        text1369     01000
__end_of_USBCBCheckOtherReq               text1402     00804
__end_of_USBCBErrorHandler                text1401     003FF
__end_of_USBCBInitEP                      text1405     0171B
__end_of_USBCBStdSetDscHandler            text1404     00400
__end_of_USBCBSuspend                     text1398     007FF
__end_of_USBCBWakeFromSuspend             text1399     00800
__end_of_USBCB_SOF_Handler                text1400     0087F
__end_of_USBCheckCDCRequest               text1403     00C64
__end_of_USBCheckStdRequest               text1391     00BF4
__end_of_USBConfigureEndpoint             text1408     007FE
__end_of_USBCtrlEPAllowDataStage          text1385     00A09
__end_of_USBCtrlEPAllowStatusStage        text1388     00B88
__end_of_USBCtrlEPService                 text1382     003F8
__end_of_USBCtrlEPServiceComplete         text1384     00EDA
__end_of_USBCtrlTrfInHandler              text1389     00D48
__end_of_USBCtrlTrfOutHandler             text1386     008AF
__end_of_USBCtrlTrfRxService              text1387     0070D
__end_of_USBCtrlTrfSetupHandler           text1383     009B5
__end_of_USBCtrlTrfTxService              text1390     00E4E
__end_of_USBDeviceAttach                  text1366     017DD
__end_of_USBDeviceInit                    text1368     005A0
__end_of_USBDeviceTasks                   text1378     0027F
__end_of_USBEnableEndpoint                text1407     00855
__end_of_USBStallHandler                  text1381     0082C
__end_of_USBStdFeatureReqHandler          text1396     00151
__end_of_USBStdGetDscHandler              text1394     00DC2
__end_of_USBStdGetStatusHandler           text1395     00B1F
__end_of_USBStdSetCfgHandler              text1392     00F6D
__end_of_USBSuspend                       text1380     01798
__end_of_USBTransferOnePacket             text1374     00ABC
__end_of_USBWakeFromSuspend               text1379     01765
__end_of_USB_CD_Ptr                       strings      00405
__end_of_USB_SD_Ptr                       strings      00404
__end_of_USER_USB_CALLBACK_EVENT_HANDLER  text1397     0096B
__end_of_UserInit                         text1375     01739
__end_of__initialization                  cinit        017FD
__end_of__stringdata                      strings      004DB
__end_of__stringtab                       strings      00401
__end_of_configDescriptor1                strings      00448
__end_of_device_dsc                       strings      004C2
__end_of_getsUSBUSART                     text1370     00CD5
__end_of_main                             maintext     0174E
__end_of_memset                           text1393     017BA
__end_of_putUSBUSART                      text1371     0177E
__end_of_putrsUSBUSART                    text1372     008E6
__end_of_sd000                            strings      004C6
__end_of_sd001                            strings      0047C
__end_of_sd002                            strings      004B0
__end_ofi1_USBDeviceInit                  text1409     0065B
__end_ofi1_USBTransferOnePacket           text1410     00A62
__initialization                          cinit        017DD
__pbssBANK1                               bssBANK1     000A0
__pbssBANK2                               bssBANK2     00131
__pbssBANK3                               bssBANK3     001A0
__pbssBANK6                               bssBANK6     00320
__pcstackBANK0                            cstackBANK0  00060
__pcstackBANK1                            cstackBANK1  000D6
__pcstackBANK2                            cstackBANK2  00143
__pcstackCOMMON                           cstackCOMMON 00070
__pintentry                               intentry     00004
__pmaintext                               maintext     01739
__pnvBANK2                                nvBANK2      0014D
__pstrings                                strings      00400
__pswtext1                                swtext1      01000
__ptext1366                               text1366     017BA
__ptext1367                               text1367     0171B
__ptext1368                               text1368     004DB
__ptext1369                               text1369     00F6D
__ptext1370                               text1370     00C64
__ptext1371                               text1371     01765
__ptext1372                               text1372     008AF
__ptext1373                               text1373     0027F
__ptext1374                               text1374     00A62
__ptext1375                               text1375     01727
__ptext1376                               text1376     0070D
__ptext1378                               text1378     00151
__ptext1379                               text1379     0174E
__ptext1380                               text1380     0177E
__ptext1381                               text1381     00804
__ptext1382                               text1382     00376
__ptext1383                               text1383     0096B
__ptext1384                               text1384     00E4E
__ptext1385                               text1385     009B5
__ptext1386                               text1386     0087F
__ptext1387                               text1387     0065B
__ptext1388                               text1388     00B1F
__ptext1389                               text1389     00CD5
__ptext1390                               text1390     00DC2
__ptext1391                               text1391     00B88
__ptext1392                               text1392     00EDA
__ptext1393                               text1393     01798
__ptext1394                               text1394     00D48
__ptext1395                               text1395     00ABC
__ptext1396                               text1396     00013
__ptext1397                               text1397     00921
__ptext1398                               text1398     007FE
__ptext1399                               text1399     007FF
__ptext1400                               text1400     00855
__ptext1401                               text1401     003FE
__ptext1402                               text1402     00800
__ptext1403                               text1403     00BF4
__ptext1404                               text1404     003FF
__ptext1405                               text1405     01717
__ptext1406                               text1406     008E6
__ptext1407                               text1407     0082C
__ptext1408                               text1408     007BB
__ptext1409                               text1409     005A0
__ptext1410                               text1410     00A09
__ptext1411                               text1411     00000
__size_of_BlinkUSBStatus                  (abs)        00000
__size_of_CDCInitEP                       (abs)        00000
__size_of_CDCTxService                    (abs)        00000
__size_of_ISRCode                         (abs)        00000
__size_of_InitializeSystem                (abs)        00000
__size_of_ProcessIO                       (abs)        00000
__size_of_USBCBCheckOtherReq              (abs)        00000
__size_of_USBCBErrorHandler               (abs)        00000
__size_of_USBCBInitEP                     (abs)        00000
__size_of_USBCBStdSetDscHandler           (abs)        00000
__size_of_USBCBSuspend                    (abs)        00000
__size_of_USBCBWakeFromSuspend            (abs)        00000
__size_of_USBCB_SOF_Handler               (abs)        00000
__size_of_USBCheckCDCRequest              (abs)        00000
__size_of_USBCheckStdRequest              (abs)        00000
__size_of_USBConfigureEndpoint            (abs)        00000
__size_of_USBCtrlEPAllowDataStage         (abs)        00000
__size_of_USBCtrlEPAllowStatusStage       (abs)        00000
__size_of_USBCtrlEPService                (abs)        00000
__size_of_USBCtrlEPServiceComplete        (abs)        00000
__size_of_USBCtrlTrfInHandler             (abs)        00000
__size_of_USBCtrlTrfOutHandler            (abs)        00000
__size_of_USBCtrlTrfRxService             (abs)        00000
__size_of_USBCtrlTrfSetupHandler          (abs)        00000
__size_of_USBCtrlTrfTxService             (abs)        00000
__size_of_USBDeviceAttach                 (abs)        00000
__size_of_USBDeviceInit                   (abs)        00000
__size_of_USBDeviceTasks                  (abs)        00000
__size_of_USBEnableEndpoint               (abs)        00000
__size_of_USBStallHandler                 (abs)        00000
__size_of_USBStdFeatureReqHandler         (abs)        00000
__size_of_USBStdGetDscHandler             (abs)        00000
__size_of_USBStdGetStatusHandler          (abs)        00000
__size_of_USBStdSetCfgHandler             (abs)        00000
__size_of_USBSuspend                      (abs)        00000
__size_of_USBTransferOnePacket            (abs)        00000
__size_of_USBWakeFromSuspend              (abs)        00000
__size_of_USER_USB_CALLBACK_EVENT_HANDLER (abs)        00000
__size_of_UserInit                        (abs)        00000
__size_of_getsUSBUSART                    (abs)        00000
__size_of_main                            (abs)        00000
__size_of_memset                          (abs)        00000
__size_of_putUSBUSART                     (abs)        00000
__size_of_putrsUSBUSART                   (abs)        00000
__size_ofi1_USBDeviceInit                 (abs)        00000
__size_ofi1_USBTransferOnePacket          (abs)        00000
__stringdata                              strings      004C6
__stringtab                               strings      00400
_buttonCount                              bssBANK1     000C0
_buttonPressed                            bssBANK1     000C1
_cdc_data_rx                              (abs)        002A0
_cdc_data_tx                              (abs)        00220
_cdc_mem_type                             bssBANK1     000C2
_cdc_notice                               (abs)        00127
_cdc_rx_len                               bssBANK1     000C3
_cdc_trf_state                            bssBANK1     000C4
_cdc_tx_len                               bssBANK1     000C5
_configDescriptor1                        strings      00405
_controlTransferState                     bssBANK1     000C6
_control_signal_bitmap                    bssBANK1     000C7
_device_dsc                               strings      004B0
_dummy_encapsulated_cmd_response          bssBANK2     0013B
_endpoint_number                          bssBANK1     000C8
_ep_data_in                               bssBANK1     000A6
_ep_data_out                              bssBANK1     000A9
_getsUSBUSART                             text1370     00C64
_getsUSBUSART$2193                        cstackBANK2  00147
_inPipes                                  bssBANK1     000CD
_line_coding                              (abs)        00120
_main                                     maintext     01739
_memset                                   text1393     01798
_outPipes                                 bssBANK1     000A0
_pBDTEntryEP0OutCurrent                   bssBANK1     000C9
_pBDTEntryEP0OutNext                      bssBANK1     000CA
_pBDTEntryIn                              bssBANK1     000AC
_pBDTEntryOut                             bssBANK1     000AF
_pCDCDst                                  bssBANK2     00137
_pCDCSrc                                  bssBANK2     00139
_pDst                                     bssBANK1     000CB
_putUSBUSART                              text1371     01765
_putrsUSBUSART                            text1372     008AF
_sd000                                    strings      004C2
_sd001                                    strings      00448
_sd002                                    strings      0047C
_shortPacketStatus                        bssBANK1     000CC
_stringPrinted                            nvBANK2      0014D
btemp                                     (abs)        0007E
clear_ram                                 clrtext      003F8
end_of_initialization                     cinit        017FD
getsUSBUSART@buffer                       cstackBANK2  00146
getsUSBUSART@len                          cstackBANK1  000E5
i1USBDeviceInit@i                         cstackCOMMON 00075
i1USBDeviceInit@i_750                     cstackCOMMON 00074
i1USBDeviceInit@p                         cstackCOMMON 00072
i1USBTransferOnePacket@data               cstackCOMMON 00071
i1USBTransferOnePacket@dir                cstackCOMMON 00070
i1USBTransferOnePacket@ep                 cstackCOMMON 00075
i1USBTransferOnePacket@handle             cstackCOMMON 00076
i1USBTransferOnePacket@len                cstackCOMMON 00072
i1_USBDeviceInit                          text1409     005A0
i1_USBTransferOnePacket                   text1410     00A09
intlevel0                                 functab      00000
intlevel1                                 functab      00000
intlevel2                                 functab      00000
intlevel3                                 functab      00000
intlevel4                                 functab      00000
intlevel5                                 functab      00000
memset@c                                  cstackCOMMON 00070
memset@n                                  cstackCOMMON 00072
memset@p                                  cstackCOMMON 00076
memset@p1                                 cstackCOMMON 00075
putUSBUSART@data                          cstackBANK1  000E0
putUSBUSART@length                        cstackBANK1  000DE
putrsUSBUSART@data                        cstackBANK1  000E0
putrsUSBUSART@len                         cstackBANK1  000E1
putrsUSBUSART@pData                       cstackBANK1  000DF
reset_vec                                 reset_vec    00000
start                                     init         00011
start_initialization                      cinit        017DD
wtemp0                                    (abs)        0007E


FUNCTION INFORMATION:

 *************** function _main *****************
 Defined at:
		line 507 in file "../main.c"
 Parameters:    Size  Location     Type
		None
 Auto vars:     Size  Location     Type
		None
 Return value:  Size  Location     Type
                  2  569[COMMON] int 
 Registers used:
		wreg, fsr0l, fsr0h, fsr1l, fsr1h, status,2, status,0, pclath, cstack
 Tracked objects:
		On entry : 
		On exit  : 
		Unchanged: 
 Data sizes:     COMMON   BANK0   BANK1   BANK2   BANK3   BANK4   BANK5   BANK6   BANK7   BANK8   BANK9  BANK10  BANK11  BANK12
      Params:         0       0       0       0       0       0       0       0       0       0       0       0       0       0
      Locals:         0       0       0       0       0       0       0       0       0       0       0       0       0       0
      Temps:          0       0       0       0       0       0       0       0       0       0       0       0       0       0
      Totals:         0       0       0       0       0       0       0       0       0       0       0       0       0       0
Total ram usage:        0 bytes
 Hardware stack levels required when called:   14
 This function calls:
		_InitializeSystem
		_USBDeviceAttach
		_ProcessIO
 This function is called by:
		Startup code after reset
 This function uses a non-reentrant model


 *************** function _USBDeviceAttach *****************
 Defined at:
		line 1526 in file "../../../../Microchip/USB/usb_device.c"
 Parameters:    Size  Location     Type
		None
 Auto vars:     Size  Location     Type
		None
 Return value:  Size  Location     Type
		None               void
 Registers used:
		wreg, status,2, status,0
 Tracked objects:
		On entry : 
		On exit  : 
		Unchanged: 
 Data sizes:     COMMON   BANK0   BANK1   BANK2   BANK3   BANK4   BANK5   BANK6   BANK7   BANK8   BANK9  BANK10  BANK11  BANK12
      Params:         0       0       0       0       0       0       0       0       0       0       0       0       0       0
      Locals:         0       0       0       0       0       0       0       0       0       0       0       0       0       0
      Temps:          0       0       1       0       0       0       0       0       0       0       0       0       0       0
      Totals:         0       0       1       0       0       0       0       0       0       0       0       0       0       0
Total ram usage:        1 bytes
 Hardware stack levels used:    1
 Hardware stack levels required when called:   11
 This function calls:
		Nothing
 This function is called by:
		_main
 This function uses a non-reentrant model


 *************** function _InitializeSystem *****************
 Defined at:
		line 564 in file "../main.c"
 Parameters:    Size  Location     Type
		None
 Auto vars:     Size  Location     Type
		None
 Return value:  Size  Location     Type
		None               void
 Registers used:
		wreg, fsr1l, fsr1h, status,2, status,0, pclath, cstack
 Tracked objects:
		On entry : 
		On exit  : 
		Unchanged: 
 Data sizes:     COMMON   BANK0   BANK1   BANK2   BANK3   BANK4   BANK5   BANK6   BANK7   BANK8   BANK9  BANK10  BANK11  BANK12
      Params:         0       0       0       0       0       0       0       0       0       0       0       0       0       0
      Locals:         0       0       0       0       0       0       0       0       0       0       0       0       0       0
      Temps:          0       0       0       0       0       0       0       0       0       0       0       0       0       0
      Totals:         0       0       0       0       0       0       0       0       0       0       0       0       0       0
Total ram usage:        0 bytes
 Hardware stack levels used:    1
 Hardware stack levels required when called:   12
 This function calls:
		_UserInit
		_USBDeviceInit
 This function is called by:
		_main
 This function uses a non-reentrant model


 *************** function _USBDeviceInit *****************
 Defined at:
		line 467 in file "../../../../Microchip/USB/usb_device.c"
 Parameters:    Size  Location     Type
		None
 Auto vars:     Size  Location     Type
  p               2   10[BANK1 ] PTR unsigned char 
		 -> UEP1(1), 
  i               1   12[BANK1 ] unsigned char 
  i               1   13[BANK1 ] unsigned char 
 Return value:  Size  Location     Type
		None               void
 Registers used:
		wreg, fsr1l, fsr1h, status,2, status,0
 Tracked objects:
		On entry : 
		On exit  : 
		Unchanged: 
 Data sizes:     COMMON   BANK0   BANK1   BANK2   BANK3   BANK4   BANK5   BANK6   BANK7   BANK8   BANK9  BANK10  BANK11  BANK12
      Params:         0       0       0       0       0       0       0       0       0       0       0       0       0       0
      Locals:         0       0       4       0       0       0       0       0       0       0       0       0       0       0
      Temps:          0       0       2       0       0       0       0       0       0       0       0       0       0       0
      Totals:         0       0       6       0       0       0       0       0       0       0       0       0       0       0
Total ram usage:        6 bytes
 Hardware stack levels used:    1
 Hardware stack levels required when called:   11
 This function calls:
		Nothing
 This function is called by:
		_InitializeSystem
 This function uses a non-reentrant model


 *************** function _ProcessIO *****************
 Defined at:
		line 837 in file "../main.c"
 Parameters:    Size  Location     Type
		None
 Auto vars:     Size  Location     Type
  i               1    9[BANK2 ] unsigned char 
  numBytesRead    1    8[BANK2 ] unsigned char 
 Return value:  Size  Location     Type
		None               void
 Registers used:
		wreg, fsr0l, fsr0h, fsr1l, fsr1h, status,2, status,0, pclath, cstack
 Tracked objects:
		On entry : 
		On exit  : 
		Unchanged: 
 Data sizes:     COMMON   BANK0   BANK1   BANK2   BANK3   BANK4   BANK5   BANK6   BANK7   BANK8   BANK9  BANK10  BANK11  BANK12
      Params:         0       0       0       0       0       0       0       0       0       0       0       0       0       0
      Locals:         0       0       0       2       0       0       0       0       0       0       0       0       0       0
      Temps:          0       0       0       2       0       0       0       0       0       0       0       0       0       0
      Totals:         0       0       0       4       0       0       0       0       0       0       0       0       0       0
Total ram usage:        4 bytes
 Hardware stack levels used:    1
 Hardware stack levels required when called:   13
 This function calls:
		_BlinkUSBStatus
		_putrsUSBUSART
		_getsUSBUSART
		_putUSBUSART
		_CDCTxService
 This function is called by:
		_main
 This function uses a non-reentrant model


 *************** function _getsUSBUSART *****************
 Defined at:
		line 605 in file "../../../../Microchip/USB/CDC Device Driver/usb_function_cdc.c"
 Parameters:    Size  Location     Type
  buffer          1    wreg     PTR unsigned char 
		 -> USB_Out_Buffer(64), 
  len             1   15[BANK1 ] unsigned char 
 Auto vars:     Size  Location     Type
  buffer          1    3[BANK2 ] PTR unsigned char 
		 -> USB_Out_Buffer(64), 
 Return value:  Size  Location     Type
                  1    wreg      unsigned char 
 Registers used:
		wreg, fsr1l, fsr1h, status,2, status,0, pclath, cstack
 Tracked objects:
		On entry : 
		On exit  : 
		Unchanged: 
 Data sizes:     COMMON   BANK0   BANK1   BANK2   BANK3   BANK4   BANK5   BANK6   BANK7   BANK8   BANK9  BANK10  BANK11  BANK12
      Params:         0       0       1       0       0       0       0       0       0       0       0       0       0       0
      Locals:         0       0       0       3       0       0       0       0       0       0       0       0       0       0
      Temps:          0       0       0       3       0       0       0       0       0       0       0       0       0       0
      Totals:         0       0       1       6       0       0       0       0       0       0       0       0       0       0
Total ram usage:        7 bytes
 Hardware stack levels used:    1
 Hardware stack levels required when called:   12
 This function calls:
		_USBTransferOnePacket
 This function is called by:
		_ProcessIO
 This function uses a non-reentrant model


 *************** function _putUSBUSART *****************
 Defined at:
		line 676 in file "../../../../Microchip/USB/CDC Device Driver/usb_function_cdc.c"
 Parameters:    Size  Location     Type
  data            1    wreg     PTR unsigned char 
		 -> USB_In_Buffer(64), 
  length          1    8[BANK1 ] unsigned char 
 Auto vars:     Size  Location     Type
  data            1   10[BANK1 ] PTR unsigned char 
		 -> USB_In_Buffer(64), 
 Return value:  Size  Location     Type
		None               void
 Registers used:
		wreg, status,2, status,0
 Tracked objects:
		On entry : 
		On exit  : 
		Unchanged: 
 Data sizes:     COMMON   BANK0   BANK1   BANK2   BANK3   BANK4   BANK5   BANK6   BANK7   BANK8   BANK9  BANK10  BANK11  BANK12
      Params:         0       0       1       0       0       0       0       0       0       0       0       0       0       0
      Locals:         0       0       1       0       0       0       0       0       0       0       0       0       0       0
      Temps:          0       0       1       0       0       0       0       0       0       0       0       0       0       0
      Totals:         0       0       3       0       0       0       0       0       0       0       0       0       0       0
Total ram usage:        3 bytes
 Hardware stack levels used:    1
 Hardware stack levels required when called:   11
 This function calls:
		Nothing
 This function is called by:
		_ProcessIO
 This function uses a non-reentrant model


 *************** function _putrsUSBUSART *****************
 Defined at:
		line 846 in file "../../../../Microchip/USB/CDC Device Driver/usb_function_cdc.c"
 Parameters:    Size  Location     Type
  data            1    wreg     PTR const unsigned char 
		 -> STR_1(21), 
 Auto vars:     Size  Location     Type
  data            1   10[BANK1 ] PTR const unsigned char 
		 -> STR_1(21), 
  len             1   11[BANK1 ] unsigned char 
  pData           1    9[BANK1 ] PTR const unsigned char 
		 -> STR_1(21), 
 Return value:  Size  Location     Type
		None               void
 Registers used:
		wreg, status,2, status,0
 Tracked objects:
		On entry : 
		On exit  : 
		Unchanged: 
 Data sizes:     COMMON   BANK0   BANK1   BANK2   BANK3   BANK4   BANK5   BANK6   BANK7   BANK8   BANK9  BANK10  BANK11  BANK12
      Params:         0       0       0       0       0       0       0       0       0       0       0       0       0       0
      Locals:         0       0       3       0       0       0       0       0       0       0       0       0       0       0
      Temps:          0       0       1       0       0       0       0       0       0       0       0       0       0       0
      Totals:         0       0       4       0       0       0       0       0       0       0       0       0       0       0
Total ram usage:        4 bytes
 Hardware stack levels used:    1
 Hardware stack levels required when called:   11
 This function calls:
		Nothing
 This function is called by:
		_ProcessIO
 This function uses a non-reentrant model


 *************** function _CDCTxService *****************
 Defined at:
		line 956 in file "../../../../Microchip/USB/CDC Device Driver/usb_function_cdc.c"
 Parameters:    Size  Location     Type
		None
 Auto vars:     Size  Location     Type
  byte_to_send    1    3[BANK2 ] unsigned char 
  i               1    2[BANK2 ] unsigned char 
 Return value:  Size  Location     Type
		None               void
 Registers used:
		wreg, fsr0l, fsr0h, fsr1l, fsr1h, status,2, status,0, pclath, cstack
 Tracked objects:
		On entry : 
		On exit  : 
		Unchanged: 
 Data sizes:     COMMON   BANK0   BANK1   BANK2   BANK3   BANK4   BANK5   BANK6   BANK7   BANK8   BANK9  BANK10  BANK11  BANK12
      Params:         0       0       0       0       0       0       0       0       0       0       0       0       0       0
      Locals:         0       0       0       4       0       0       0       0       0       0       0       0       0       0
      Temps:          0       0       3       0       0       0       0       0       0       0       0       0       0       0
      Totals:         0       0       3       4       0       0       0       0       0       0       0       0       0       0
Total ram usage:        7 bytes
 Hardware stack levels used:    1
 Hardware stack levels required when called:   12
 This function calls:
		_USBTransferOnePacket
 This function is called by:
		_ProcessIO
 This function uses a non-reentrant model


 *************** function _USBTransferOnePacket *****************
 Defined at:
		line 1173 in file "../../../../Microchip/USB/usb_device.c"
 Parameters:    Size  Location     Type
  ep              1    wreg     unsigned char 
  dir             1    8[BANK1 ] unsigned char 
  data            1    9[BANK1 ] PTR unsigned char 
		 -> cdc_data_tx(64), cdc_data_rx(64), NULL(0), 
  len             1   10[BANK1 ] unsigned char 
 Auto vars:     Size  Location     Type
  ep              1   13[BANK1 ] unsigned char 
  handle          1   14[BANK1 ] PTR volatile struct __BD
		 -> NULL(0), BDT(48), 
 Return value:  Size  Location     Type
                  1    wreg      PTR void 
 Registers used:
		wreg, fsr1l, fsr1h, status,2, status,0
 Tracked objects:
		On entry : 
		On exit  : 
		Unchanged: 
 Data sizes:     COMMON   BANK0   BANK1   BANK2   BANK3   BANK4   BANK5   BANK6   BANK7   BANK8   BANK9  BANK10  BANK11  BANK12
      Params:         0       0       3       0       0       0       0       0       0       0       0       0       0       0
      Locals:         0       0       2       0       0       0       0       0       0       0       0       0       0       0
      Temps:          0       0       2       0       0       0       0       0       0       0       0       0       0       0
      Totals:         0       0       7       0       0       0       0       0       0       0       0       0       0       0
Total ram usage:        7 bytes
 Hardware stack levels used:    1
 Hardware stack levels required when called:   11
 This function calls:
		Nothing
 This function is called by:
		_getsUSBUSART
		_CDCTxService
		_USBCDCEventHandler
 This function uses a non-reentrant model


 *************** function _UserInit *****************
 Defined at:
		line 806 in file "../main.c"
 Parameters:    Size  Location     Type
		None
 Auto vars:     Size  Location     Type
		None
 Return value:  Size  Location     Type
		None               void
 Registers used:
		wreg, status,2, status,0
 Tracked objects:
		On entry : 
		On exit  : 
		Unchanged: 
 Data sizes:     COMMON   BANK0   BANK1   BANK2   BANK3   BANK4   BANK5   BANK6   BANK7   BANK8   BANK9  BANK10  BANK11  BANK12
      Params:         0       0       0       0       0       0       0       0       0       0       0       0       0       0
      Locals:         0       0       0       0       0       0       0       0       0       0       0       0       0       0
      Temps:          0       0       1       0       0       0       0       0       0       0       0       0       0       0
      Totals:         0       0       1       0       0       0       0       0       0       0       0       0       0       0
Total ram usage:        1 bytes
 Hardware stack levels used:    1
 Hardware stack levels required when called:   11
 This function calls:
		Nothing
 This function is called by:
		_InitializeSystem
 This function uses a non-reentrant model


 *************** function _BlinkUSBStatus *****************
 Defined at:
		line 909 in file "../main.c"
 Parameters:    Size  Location     Type
		None
 Auto vars:     Size  Location     Type
		None
 Return value:  Size  Location     Type
		None               void
 Registers used:
		wreg, status,2, status,0
 Tracked objects:
		On entry : 
		On exit  : 
		Unchanged: 
 Data sizes:     COMMON   BANK0   BANK1   BANK2   BANK3   BANK4   BANK5   BANK6   BANK7   BANK8   BANK9  BANK10  BANK11  BANK12
      Params:         0       0       0       0       0       0       0       0       0       0       0       0       0       0
      Locals:         0       0       0       0       0       0       0       0       0       0       0       0       0       0
      Temps:          0       0       1       0       0       0       0       0       0       0       0       0       0       0
      Totals:         0       0       1       0       0       0       0       0       0       0       0       0       0       0
Total ram usage:        1 bytes
 Hardware stack levels used:    1
 Hardware stack levels required when called:   11
 This function calls:
		Nothing
 This function is called by:
		_ProcessIO
 This function uses a non-reentrant model


 *************** function _ISRCode *****************
 Defined at:
		line 467 in file "../main.c"
 Parameters:    Size  Location     Type
		None
 Auto vars:     Size  Location     Type
		None
 Return value:  Size  Location     Type
		None               void
 Registers used:
		wreg, fsr0l, fsr0h, fsr1l, fsr1h, status,2, status,0, pclath, cstack
 Tracked objects:
		On entry : 
		On exit  : 
		Unchanged: 
 Data sizes:     COMMON   BANK0   BANK1   BANK2   BANK3   BANK4   BANK5   BANK6   BANK7   BANK8   BANK9  BANK10  BANK11  BANK12
      Params:         0       0       0       0       0       0       0       0       0       0       0       0       0       0
      Locals:         0       0       0       0       0       0       0       0       0       0       0       0       0       0
      Temps:          0       0       1       0       0       0       0       0       0       0       0       0       0       0
      Totals:         0       0       1       0       0       0       0       0       0       0       0       0       0       0
Total ram usage:        1 bytes
 Hardware stack levels used:    1
 Hardware stack levels required when called:   10
 This function calls:
		_USBDeviceTasks
 This function is called by:
		Interrupt level 1
 This function uses a non-reentrant model


 *************** function _USBDeviceTasks *****************
 Defined at:
		line 669 in file "../../../../Microchip/USB/usb_device.c"
 Parameters:    Size  Location     Type
		None
 Auto vars:     Size  Location     Type
  i               1    6[BANK1 ] unsigned char 
 Return value:  Size  Location     Type
		None               void
 Registers used:
		wreg, fsr0l, fsr0h, fsr1l, fsr1h, status,2, status,0, pclath, cstack
 Tracked objects:
		On entry : 
		On exit  : 
		Unchanged: 
 Data sizes:     COMMON   BANK0   BANK1   BANK2   BANK3   BANK4   BANK5   BANK6   BANK7   BANK8   BANK9  BANK10  BANK11  BANK12
      Params:         0       0       0       0       0       0       0       0       0       0       0       0       0       0
      Locals:         0       0       1       0       0       0       0       0       0       0       0       0       0       0
      Temps:          0       0       2       0       0       0       0       0       0       0       0       0       0       0
      Totals:         0       0       3       0       0       0       0       0       0       0       0       0       0       0
Total ram usage:        3 bytes
 Hardware stack levels used:    1
 Hardware stack levels required when called:    9
 This function calls:
		_USBWakeFromSuspend
		i1_USBDeviceInit
		_USBSuspend
		_USER_USB_CALLBACK_EVENT_HANDLER
		_USBCtrlEPAllowStatusStage
		_USBStallHandler
		_USBCtrlEPService
 This function is called by:
		_ISRCode
 This function uses a non-reentrant model


 *************** function _USBWakeFromSuspend *****************
 Defined at:
		line 2456 in file "../../../../Microchip/USB/usb_device.c"
 Parameters:    Size  Location     Type
		None
 Auto vars:     Size  Location     Type
		None
 Return value:  Size  Location     Type
		None               void
 Registers used:
		wreg, fsr0l, fsr0h, fsr1l, fsr1h, status,2, status,0, pclath, cstack
 Tracked objects:
		On entry : 
		On exit  : 
		Unchanged: 
 Data sizes:     COMMON   BANK0   BANK1   BANK2   BANK3   BANK4   BANK5   BANK6   BANK7   BANK8   BANK9  BANK10  BANK11  BANK12
[...]
      Params:         0       0       0       0       0       0       0       0       0       0       0       0       0       0
      Locals:         0       0       0       0       0       0       0       0       0       0       0       0       0       0
      Temps:          0       0       0       0       0       0       0       0       0       0       0       0       0       0
      Totals:         0       0       0       0       0       0       0       0       0       0       0       0       0       0
Total ram usage:        0 bytes
 Hardware stack levels used:    1
 This function calls:
		Nothing
 This function is called by:
		_USER_USB_CALLBACK_EVENT_HANDLER
 This function uses a non-reentrant model


 *************** function _USBCBWakeFromSuspend *****************
 Defined at:
		line 1066 in file "../main.c"
 Parameters:    Size  Location     Type
		None
 Auto vars:     Size  Location     Type
		None
 Return value:  Size  Location     Type
		None               void
 Registers used:
		None
 Tracked objects:
		On entry : 
		On exit  : 
		Unchanged: 
 Data sizes:     COMMON   BANK0   BANK1   BANK2   BANK3   BANK4   BANK5   BANK6   BANK7   BANK8   BANK9  BANK10  BANK11  BANK12
      Params:         0       0       0       0       0       0       0       0       0       0       0       0       0       0
      Locals:         0       0       0       0       0       0       0       0       0       0       0       0       0       0
      Temps:          0       0       0       0       0       0       0       0       0       0       0       0       0       0
      Totals:         0       0       0       0       0       0       0       0       0       0       0       0       0       0
Total ram usage:        0 bytes
 Hardware stack levels used:    1
 This function calls:
		Nothing
 This function is called by:
		_USER_USB_CALLBACK_EVENT_HANDLER
		_USBCBSendResume
 This function uses a non-reentrant model


 *************** function _USBCB_SOF_Handler *****************
 Defined at:
		line 1098 in file "../main.c"
 Parameters:    Size  Location     Type
		None
 Auto vars:     Size  Location     Type
		None
 Return value:  Size  Location     Type
		None               void
 Registers used:
		wreg, status,2, status,0
 Tracked objects:
		On entry : 
		On exit  : 
		Unchanged: 
 Data sizes:     COMMON   BANK0   BANK1   BANK2   BANK3   BANK4   BANK5   BANK6   BANK7   BANK8   BANK9  BANK10  BANK11  BANK12
      Params:         0       0       0       0       0       0       0       0       0       0       0       0       0       0
      Locals:         0       0       0       0       0       0       0       0       0       0       0       0       0       0
      Temps:          1       0       0       0       0       0       0       0       0       0       0       0       0       0
      Totals:         1       0       0       0       0       0       0       0       0       0       0       0       0       0
Total ram usage:        1 bytes
 Hardware stack levels used:    1
 This function calls:
		Nothing
 This function is called by:
		_USER_USB_CALLBACK_EVENT_HANDLER
 This function uses a non-reentrant model


 *************** function _USBCBErrorHandler *****************
 Defined at:
		line 1145 in file "../main.c"
 Parameters:    Size  Location     Type
		None
 Auto vars:     Size  Location     Type
		None
 Return value:  Size  Location     Type
		None               void
 Registers used:
		None
 Tracked objects:
		On entry : 
		On exit  : 
		Unchanged: 
 Data sizes:     COMMON   BANK0   BANK1   BANK2   BANK3   BANK4   BANK5   BANK6   BANK7   BANK8   BANK9  BANK10  BANK11  BANK12
      Params:         0       0       0       0       0       0       0       0       0       0       0       0       0       0
      Locals:         0       0       0       0       0       0       0       0       0       0       0       0       0       0
      Temps:          0       0       0       0       0       0       0       0       0       0       0       0       0       0
      Totals:         0       0       0       0       0       0       0       0       0       0       0       0       0       0
Total ram usage:        0 bytes
 Hardware stack levels used:    1
 This function calls:
		Nothing
 This function is called by:
		_USER_USB_CALLBACK_EVENT_HANDLER
 This function uses a non-reentrant model


 *************** function _USBCBCheckOtherReq *****************
 Defined at:
		line 1196 in file "../main.c"
 Parameters:    Size  Location     Type
		None
 Auto vars:     Size  Location     Type
		None
 Return value:  Size  Location     Type
		None               void
 Registers used:
		wreg, fsr0l, fsr0h, status,2, status,0, pclath, cstack
 Tracked objects:
		On entry : 
		On exit  : 
		Unchanged: 
 Data sizes:     COMMON   BANK0   BANK1   BANK2   BANK3   BANK4   BANK5   BANK6   BANK7   BANK8   BANK9  BANK10  BANK11  BANK12
      Params:         0       0       0       0       0       0       0       0       0       0       0       0       0       0
      Locals:         0       0       0       0       0       0       0       0       0       0       0       0       0       0
      Temps:          0       0       0       0       0       0       0       0       0       0       0       0       0       0
      Totals:         0       0       0       0       0       0       0       0       0       0       0       0       0       0
Total ram usage:        0 bytes
 Hardware stack levels used:    1
 Hardware stack levels required when called:    1
 This function calls:
		_USBCheckCDCRequest
 This function is called by:
		_USER_USB_CALLBACK_EVENT_HANDLER
 This function uses a non-reentrant model


 *************** function _USBCheckCDCRequest *****************
 Defined at:
		line 267 in file "../../../../Microchip/USB/CDC Device Driver/usb_function_cdc.c"
 Parameters:    Size  Location     Type
		None
 Auto vars:     Size  Location     Type
		None
 Return value:  Size  Location     Type
		None               void
 Registers used:
		wreg, fsr0l, fsr0h, status,2, status,0
 Tracked objects:
		On entry : 
		On exit  : 
		Unchanged: 
 Data sizes:     COMMON   BANK0   BANK1   BANK2   BANK3   BANK4   BANK5   BANK6   BANK7   BANK8   BANK9  BANK10  BANK11  BANK12
      Params:         0       0       0       0       0       0       0       0       0       0       0       0       0       0
      Locals:         0       0       0       0       0       0       0       0       0       0       0       0       0       0
      Temps:          1       0       0       0       0       0       0       0       0       0       0       0       0       0
      Totals:         1       0       0       0       0       0       0       0       0       0       0       0       0       0
Total ram usage:        1 bytes
 Hardware stack levels used:    1
 This function calls:
		Nothing
 This function is called by:
		_USBCBCheckOtherReq
 This function uses a non-reentrant model


 *************** function _USBCBStdSetDscHandler *****************
 Defined at:
		line 1221 in file "../main.c"
 Parameters:    Size  Location     Type
		None
 Auto vars:     Size  Location     Type
		None
 Return value:  Size  Location     Type
		None               void
 Registers used:
		None
 Tracked objects:
		On entry : 
		On exit  : 
		Unchanged: 
 Data sizes:     COMMON   BANK0   BANK1   BANK2   BANK3   BANK4   BANK5   BANK6   BANK7   BANK8   BANK9  BANK10  BANK11  BANK12
      Params:         0       0       0       0       0       0       0       0       0       0       0       0       0       0
      Locals:         0       0       0       0       0       0       0       0       0       0       0       0       0       0
      Temps:          0       0       0       0       0       0       0       0       0       0       0       0       0       0
      Totals:         0       0       0       0       0       0       0       0       0       0       0       0       0       0
Total ram usage:        0 bytes
 Hardware stack levels used:    1
 This function calls:
		Nothing
 This function is called by:
		_USER_USB_CALLBACK_EVENT_HANDLER
 This function uses a non-reentrant model


 *************** function _USBCBInitEP *****************
 Defined at:
		line 1247 in file "../main.c"
 Parameters:    Size  Location     Type
		None
 Auto vars:     Size  Location     Type
		None
 Return value:  Size  Location     Type
		None               void
 Registers used:
		wreg, fsr1l, fsr1h, status,2, status,0, pclath, cstack
 Tracked objects:
		On entry : 
		On exit  : 
		Unchanged: 
 Data sizes:     COMMON   BANK0   BANK1   BANK2   BANK3   BANK4   BANK5   BANK6   BANK7   BANK8   BANK9  BANK10  BANK11  BANK12
      Params:         0       0       0       0       0       0       0       0       0       0       0       0       0       0
      Locals:         0       0       0       0       0       0       0       0       0       0       0       0       0       0
      Temps:          0       0       0       0       0       0       0       0       0       0       0       0       0       0
      Totals:         0       0       0       0       0       0       0       0       0       0       0       0       0       0
Total ram usage:        0 bytes
 Hardware stack levels used:    1
 Hardware stack levels required when called:    3
 This function calls:
		_CDCInitEP
 This function is called by:
		_USER_USB_CALLBACK_EVENT_HANDLER
 This function uses a non-reentrant model


 *************** function _CDCInitEP *****************
 Defined at:
		line 414 in file "../../../../Microchip/USB/CDC Device Driver/usb_function_cdc.c"
 Parameters:    Size  Location     Type
		None
 Auto vars:     Size  Location     Type
		None
 Return value:  Size  Location     Type
		None               void
 Registers used:
		wreg, fsr1l, fsr1h, status,2, status,0, pclath, cstack
 Tracked objects:
		On entry : 
		On exit  : 
		Unchanged: 
 Data sizes:     COMMON   BANK0   BANK1   BANK2   BANK3   BANK4   BANK5   BANK6   BANK7   BANK8   BANK9  BANK10  BANK11  BANK12
      Params:         0       0       0       0       0       0       0       0       0       0       0       0       0       0
      Locals:         0       0       0       0       0       0       0       0       0       0       0       0       0       0
      Temps:          0       3       0       0       0       0       0       0       0       0       0       0       0       0
      Totals:         0       3       0       0       0       0       0       0       0       0       0       0       0       0
Total ram usage:        3 bytes
 Hardware stack levels used:    1
 Hardware stack levels required when called:    2
 This function calls:
		_USBEnableEndpoint
		i1_USBTransferOnePacket
 This function is called by:
		_USBCBInitEP
 This function uses a non-reentrant model


 *************** function _USBEnableEndpoint *****************
 Defined at:
		line 1056 in file "../../../../Microchip/USB/usb_device.c"
 Parameters:    Size  Location     Type
  ep              1    wreg     unsigned char 
  options         1    7[COMMON] unsigned char 
 Auto vars:     Size  Location     Type
  ep              1   12[COMMON] unsigned char 
  p               2   10[COMMON] PTR unsigned char 
		 -> UEP0(1), 
 Return value:  Size  Location     Type
		None               void
 Registers used:
		wreg, fsr1l, fsr1h, status,2, status,0, pclath, cstack
 Tracked objects:
		On entry : 
		On exit  : 
		Unchanged: 
 Data sizes:     COMMON   BANK0   BANK1   BANK2   BANK3   BANK4   BANK5   BANK6   BANK7   BANK8   BANK9  BANK10  BANK11  BANK12
      Params:         1       0       0       0       0       0       0       0       0       0       0       0       0       0
      Locals:         3       0       0       0       0       0       0       0       0       0       0       0       0       0
      Temps:          2       0       0       0       0       0       0       0       0       0       0       0       0       0
      Totals:         6       0       0       0       0       0       0       0       0       0       0       0       0       0
Total ram usage:        6 bytes
 Hardware stack levels used:    1
 Hardware stack levels required when called:    1
 This function calls:
		_USBConfigureEndpoint
 This function is called by:
		_CDCInitEP
 This function uses a non-reentrant model


 *************** function _USBConfigureEndpoint *****************
 Defined at:
		line 1713 in file "../../../../Microchip/USB/usb_device.c"
 Parameters:    Size  Location     Type
  EPNum           1    wreg     unsigned char 
  direction       1    0[COMMON] unsigned char 
 Auto vars:     Size  Location     Type
  EPNum           1    5[COMMON] unsigned char 
  handle          1    6[COMMON] PTR volatile struct __BD
		 -> BDT(48), 
 Return value:  Size  Location     Type
		None               void
 Registers used:
		wreg, fsr1l, fsr1h, status,2, status,0
 Tracked objects:
		On entry : 
		On exit  : 
		Unchanged: 
 Data sizes:     COMMON   BANK0   BANK1   BANK2   BANK3   BANK4   BANK5   BANK6   BANK7   BANK8   BANK9  BANK10  BANK11  BANK12
      Params:         1       0       0       0       0       0       0       0       0       0       0       0       0       0
      Locals:         2       0       0       0       0       0       0       0       0       0       0       0       0       0
      Temps:          4       0       0       0       0       0       0       0       0       0       0       0       0       0
      Totals:         7       0       0       0       0       0       0       0       0       0       0       0       0       0
Total ram usage:        7 bytes
 Hardware stack levels used:    1
 This function calls:
		Nothing
 This function is called by:
		_USBEnableEndpoint
 This function uses a non-reentrant model


 *************** function i1_USBDeviceInit *****************
 Defined at:
		line 467 in file "../../../../Microchip/USB/usb_device.c"
 Parameters:    Size  Location     Type
		None
 Auto vars:     Size  Location     Type
  USBDeviceIni    2    2[COMMON] PTR unsigned char 
		 -> UEP1(1), 
  USBDeviceIni    1    5[COMMON] unsigned char 
  USBDeviceIni    1    4[COMMON] unsigned char 
 Return value:  Size  Location     Type
		None               void
 Registers used:
		wreg, fsr1l, fsr1h, status,2, status,0
 Tracked objects:
		On entry : 
		On exit  : 
		Unchanged: 
 Data sizes:     COMMON   BANK0   BANK1   BANK2   BANK3   BANK4   BANK5   BANK6   BANK7   BANK8   BANK9  BANK10  BANK11  BANK12
      Params:         0       0       0       0       0       0       0       0       0       0       0       0       0       0
      Locals:         4       0       0       0       0       0       0       0       0       0       0       0       0       0
      Temps:          2       0       0       0       0       0       0       0       0       0       0       0       0       0
      Totals:         6       0       0       0       0       0       0       0       0       0       0       0       0       0
Total ram usage:        6 bytes
 Hardware stack levels used:    1
 This function calls:
		Nothing
 This function is called by:
		_USBDeviceTasks
 This function uses a non-reentrant model


 *************** function i1_USBTransferOnePacket *****************
 Defined at:
		line 1173 in file "../../../../Microchip/USB/usb_device.c"
 Parameters:    Size  Location     Type
  USBTransferO    1    wreg     unsigned char 
  USBTransferO    1    0[COMMON] unsigned char 
  USBTransferO    1    1[COMMON] PTR unsigned char 
		 -> cdc_data_tx(64), cdc_data_rx(64), NULL(0), 
  USBTransferO    1    2[COMMON] unsigned char 
 Auto vars:     Size  Location     Type
  USBTransferO    1    5[COMMON] unsigned char 
  USBTransferO    1    6[COMMON] PTR volatile struct __BD
		 -> NULL(0), BDT(48), 
 Return value:  Size  Location     Type
                  1    wreg      PTR void 
 Registers used:
		wreg, fsr1l, fsr1h, status,2, status,0
 Tracked objects:
		On entry : 
		On exit  : 
		Unchanged: 
 Data sizes:     COMMON   BANK0   BANK1   BANK2   BANK3   BANK4   BANK5   BANK6   BANK7   BANK8   BANK9  BANK10  BANK11  BANK12
      Params:         3       0       0       0       0       0       0       0       0       0       0       0       0       0
      Locals:         2       0       0       0       0       0       0       0       0       0       0       0       0       0
      Temps:          2       0       0       0       0       0       0       0       0       0       0       0       0       0
      Totals:         7       0       0       0       0       0       0       0       0       0       0       0       0       0
Total ram usage:        7 bytes
 Hardware stack levels used:    1
 This function calls:
		Nothing
 This function is called by:
		_CDCInitEP
 This function uses a non-reentrant model



MODULE INFORMATION

Module		Function		Class		Link	Load	Size
../main.c
		_BlinkUSBStatus		CODE           	070D	0000	174
		_USBCBErrorHand		CODE           	03FE	0000	1
		_UserInit      		CODE           	1727	0000	18
		_USBCBWakeFromS		CODE           	07FF	0000	1
		_main          		CODE           	1739	0000	21
		_USER_USB_CALLB		CODE           	0921	0000	74
		_USBCBStdSetDsc		CODE           	03FF	0000	1
		_USBCBInitEP   		CODE           	1717	0000	4
		_InitializeSyst		CODE           	171B	0000	12
		_ProcessIO     		CODE           	0F6D	0000	147
		_USBCB_SOF_Hand		CODE           	0855	0000	42
		_USBCBSuspend  		CODE           	07FE	0000	1
		_USBCBCheckOthe		CODE           	0800	0000	4
		_ISRCode       		CODE           	0004	0000	13

../main.c estimated size: 513

../../common/memset.c
		_memset        		CODE           	1798	0000	34

../../common/memset.c estimated size: 34

shared
		_configDescript		STRING         	0405	0000	67
		_USB_CD_Ptr    		STRING         	0404	0000	1
		_sd001         		STRING         	0448	0000	52
		__stringtab    		STRING         	0400	0000	1
		__stringdata   		STRING         	04C6	0000	21
		_sd002         		STRING         	047C	0000	52
		i1_USBDeviceIni		CODE           	05A0	0000	187
		__initializatio		CODE           	17DD	0000	32
		_device_dsc    		STRING         	04B0	0000	18
		_USB_SD_Ptr    		STRING         	0401	0000	3
		_sd000         		STRING         	04C2	0000	4
		i1_USBTransferO		CODE           	0A09	0000	89

shared estimated size: 527

../../../../Microchip/USB/usb_device.c
		_USBCtrlTrfInHa		CODE           	0CD5	0000	115
		_USBTransferOne		CODE           	0A62	0000	90
		_USBDeviceAttac		CODE           	17BA	0000	35
		_USBStdGetDscHa		CODE           	0D48	0000	122
		_USBCtrlEPAllow		CODE           	09B5	0000	84
		_USBStdFeatureR		CODE           	0013	0000	318
		_USBCtrlEPAllow		CODE           	0B1F	0000	105
		_USBCtrlTrfSetu		CODE           	096B	0000	74
		_USBCtrlTrfOutH		CODE           	087F	0000	48
		_USBCtrlEPServi		CODE           	0E4E	0000	140
		_USBSuspend    		CODE           	177E	0000	26
		_USBStdSetCfgHa		CODE           	0EDA	0000	147
		_USBStdGetStatu		CODE           	0ABC	0000	99
		_USBWakeFromSus		CODE           	174E	0000	23
		_USBCtrlTrfRxSe		CODE           	065B	0000	178
		_USBCtrlTrfTxSe		CODE           	0DC2	0000	140
		_USBEnableEndpo		CODE           	082C	0000	41
		_USBConfigureEn		CODE           	07BB	0000	67
		_USBDeviceInit 		CODE           	04DB	0000	197
		_USBCtrlEPServi		CODE           	0376	0000	130
		_USBStallHandle		CODE           	0804	0000	40
		_USBDeviceTasks		CODE           	0151	0000	302
		_USBCheckStdReq		CODE           	0B88	0000	108

../../../../Microchip/USB/usb_device.c estimated size: 2629

../../../../Microchip/USB/CDC Device Driver/usb_function_cdc.c
		_CDCTxService  		CODE           	027F	0000	247
		_CDCInitEP     		CODE           	08E6	0000	59
		_putUSBUSART   		CODE           	1765	0000	25
		_putrsUSBUSART 		CODE           	08AF	0000	55
		_getsUSBUSART  		CODE           	0C64	0000	113
		_USBCheckCDCReq		CODE           	0BF4	0000	112

../../../../Microchip/USB/CDC Device Driver/usb_function_cdc.c estimated size: 611

